MERGE: Part 'Counting And Combinatorics' (3 chapters) merged with 'Sequences And Recursion' (3 chapters)
RESULT: Part 'Counting Combinatorics & Sequences Recursion' now has 6 chapters
MERGE: Part 'Graph Theory And Networks' (3 chapters) merged with 'Voting And Apportionment Methods' (4 chapters)
RESULT: Part 'Graph Theory & Voting Apportionment' now has 7 chapters
FINAL: Part 'Ratios Rates And Percents' - 15 understand chapters OK
FINAL: Part 'Fraction And Whole Number Division' - 7 understand chapters OK
FINAL: Part 'Decimals Factors And Multiples' - 8 understand chapters OK
FINAL: Part 'Integers And Signed Numbers' - 8 understand chapters OK
FINAL: Part 'Absolute Value And Number Comparison' - 10 understand chapters OK
FINAL: Part 'The Cartesian Plane' - 10 understand chapters OK
FINAL: Part 'Statistical Questions And Center Measures' - 9 understand chapters OK
FINAL: Part 'Data Distribution And Summary' - 10 understand chapters OK
FINAL: Part 'Algebraic Terms And Evaluation' - 8 understand chapters OK
FINAL: Part 'Exponents And Equivalent Expressions' - 12 understand chapters OK
FINAL: Part 'Equations Inequalities And Relationships' - 17 understand chapters OK
FINAL: Part 'Coordinate Geometry And Area' - 9 understand chapters OK
FINAL: Part 'Volume And Surface Area' - 8 understand chapters OK
FINAL: Part 'Logical Reasoning And Argumentation' - 4 understand chapters OK
FINAL: Part 'Counting Combinatorics & Sequences Recursion' - 6 understand chapters OK
FINAL: Part 'Graph Theory & Voting Apportionment' - 7 understand chapters OK
FINAL: Part 'Equitable Resource Allocation' - 4 understand chapters OK
FINAL: Part 'Number Systems And Information Theory' - 4 understand chapters OK